test_boilerplate_needs_full_revision_before_architecture_registration (test_architecture_choices.ArchitectureTests.test_boilerplate_needs_full_revision_before_architecture_registration) ... ok
test_change_invalidates_architecture_story_review_and_running_context (test_architecture_choices.ArchitectureTests.test_change_invalidates_architecture_story_review_and_running_context) ... ok
test_choices_reject_inconsistent_catalog_data_and_terminal_tasks (test_architecture_choices.ArchitectureTests.test_choices_reject_inconsistent_catalog_data_and_terminal_tasks) ... ok
test_cli_supports_custom_existing_and_exclusive_modes (test_architecture_choices.ArchitectureTests.test_cli_supports_custom_existing_and_exclusive_modes) ... ok
test_public_catalog_is_explicit_and_returns_isolated_values (test_architecture_choices.ArchitectureTests.test_public_catalog_is_explicit_and_returns_isolated_values) ... ok
test_unconfigured_legacy_architecture_keeps_its_existing_behavior (test_architecture_choices.ArchitectureTests.test_unconfigured_legacy_architecture_keeps_its_existing_behavior) ... ok
test_cycles_fail (test_checks.CheckTests.test_cycles_fail) ... ok
test_expired_exception_and_resolved_finding_fail (test_checks.CheckTests.test_expired_exception_and_resolved_finding_fail) ... ok
test_new_task_requires_planning_on_base (test_checks.CheckTests.test_new_task_requires_planning_on_base) ... ok
test_scope_changes_cannot_authorize_themselves (test_checks.CheckTests.test_scope_changes_cannot_authorize_themselves) ... ok
test_trusted_scope_detects_untracked_outside_changes (test_checks.CheckTests.test_trusted_scope_detects_untracked_outside_changes) ... ok
test_code_pr_uses_registered_task_and_platform_base (test_ci_scope.CIScopeTests.test_code_pr_uses_registered_task_and_platform_base) ... ok
test_missing_pr_contract_is_rejected (test_ci_scope.CIScopeTests.test_missing_pr_contract_is_rejected) ... ok
test_planning_can_register_new_task (test_ci_scope.CIScopeTests.test_planning_can_register_new_task) ... ok
test_planning_cannot_change_source_code (test_ci_scope.CIScopeTests.test_planning_cannot_change_source_code) ... ok
test_cli_output_is_json_and_bad_records_fail (test_cli_map.MapAndCliTests.test_cli_output_is_json_and_bad_records_fail) ... ok
test_map_content_is_reproducible_and_survives_commit (test_cli_map.MapAndCliTests.test_map_content_is_reproducible_and_survives_commit) ... ok
test_map_escapes_untrusted_html_and_detects_staleness (test_cli_map.MapAndCliTests.test_map_escapes_untrusted_html_and_detects_staleness) ... ok
test_verify_exit_one_for_failed_checks (test_cli_map.MapAndCliTests.test_verify_exit_one_for_failed_checks) ... ok
test_downstream_receives_completed_handoff_and_cannot_skip_gate (test_coordination.CoordinationTests.test_downstream_receives_completed_handoff_and_cannot_skip_gate) ... ok
test_exact_contract_and_delivery_gates_are_retained (test_coordination.CoordinationTests.test_exact_contract_and_delivery_gates_are_retained) ... ok
test_interface_change_retained_without_integration_or_review (test_coordination.CoordinationTests.test_interface_change_retained_without_integration_or_review) ... ok
test_orchestrator_block_prevents_acceptance_and_retains_cost (test_coordination.CoordinationTests.test_orchestrator_block_prevents_acceptance_and_retains_cost) ... ok
test_worker_must_acknowledge_exact_version_and_hash (test_coordination.CoordinationTests.test_worker_must_acknowledge_exact_version_and_hash) ... ok
test_import_pinning_context_and_invalid_revisions (test_coordination.InterfaceTests.test_import_pinning_context_and_invalid_revisions) ... ok
test_accepted_unknown_and_estimated_totals_remain_honest (test_costs.CostTests.test_accepted_unknown_and_estimated_totals_remain_honest) ... ok
test_delivery_total_freezes_attempts_and_separates_other_tasks (test_costs.CostTests.test_delivery_total_freezes_attempts_and_separates_other_tasks) ... ok
test_estimates_and_explicit_zero_are_visible (test_costs.CostTests.test_estimates_and_explicit_zero_are_visible) ... ok
test_failed_runs_and_human_time_are_counted (test_costs.CostTests.test_failed_runs_and_human_time_are_counted) ... ok
test_human_rounding_is_half_up (test_costs.CostTests.test_human_rounding_is_half_up) ... ok
test_rejects_negative_mixed_or_inconsistent_costs (test_costs.CostTests.test_rejects_negative_mixed_or_inconsistent_costs) ... ok
test_unknown_is_not_zero (test_costs.CostTests.test_unknown_is_not_zero) ... ok
test_unproven_accepted_status_cannot_inflate_delivery_metrics (test_costs.CostTests.test_unproven_accepted_status_cannot_inflate_delivery_metrics) ... ok
test_overlapping_parent_path_conflicts (test_leases.LeaseTests.test_overlapping_parent_path_conflicts) ... ok
test_prefix_boundary_and_expiry (test_leases.LeaseTests.test_prefix_boundary_and_expiry) ... ok
test_resource_conflicts_even_when_paths_differ (test_leases.LeaseTests.test_resource_conflicts_even_when_paths_differ) ... ok
test_two_processes_cannot_both_reserve_same_scope (test_leases.LeaseTests.test_two_processes_cannot_both_reserve_same_scope) ... ok
test_worktrees_share_database (test_leases.LeaseTests.test_worktrees_share_database) ... ok
test_wrong_owner_cannot_release (test_leases.LeaseTests.test_wrong_owner_cannot_release) ... ok
test_cannot_start_without_lease (test_lifecycle.LifecycleTests.test_cannot_start_without_lease) ... ok
test_check_cannot_change_code_and_claim_success (test_lifecycle.LifecycleTests.test_check_cannot_change_code_and_claim_success) ... ok
test_dependency_must_be_accepted (test_lifecycle.LifecycleTests.test_dependency_must_be_accepted) ... ok
test_exhausted_budget_blocks_next_start_but_records_overrun (test_lifecycle.LifecycleTests.test_exhausted_budget_blocks_next_start_but_records_overrun) ... ok
test_failed_checks_are_retained_and_block_approval (test_lifecycle.LifecycleTests.test_failed_checks_are_retained_and_block_approval) ... ok
test_full_acceptance_requires_current_proof_and_review (test_lifecycle.LifecycleTests.test_full_acceptance_requires_current_proof_and_review) ... ok
test_missing_handoff_blocks_submission (test_lifecycle.LifecycleTests.test_missing_handoff_blocks_submission) ... ok
test_no_self_review (test_lifecycle.LifecycleTests.test_no_self_review) ... ok
test_portfolio_accepted_unit_cost_includes_other_failed_tasks (test_lifecycle.LifecycleTests.test_portfolio_accepted_unit_cost_includes_other_failed_tasks) ... ok
test_secondary_implementer_cannot_review (test_lifecycle.LifecycleTests.test_secondary_implementer_cannot_review) ... ok
test_stale_code_or_contract_rejects_acceptance (test_lifecycle.LifecycleTests.test_stale_code_or_contract_rejects_acceptance) ... ok
test_tampered_logs_detected (test_lifecycle.LifecycleTests.test_tampered_logs_detected) ... ok
test_timeout_is_failure (test_lifecycle.LifecycleTests.test_timeout_is_failure) ... ok
test_adapter_generation_and_no_overwrite_preflight (test_method.MethodTests.test_adapter_generation_and_no_overwrite_preflight) ... ok
test_changed_task_criteria_invalidate_readiness_review (test_method.MethodTests.test_changed_task_criteria_invalidate_readiness_review) ... ok
test_context_budget_exposes_truncation_and_omits_unneeded_research (test_method.MethodTests.test_context_budget_exposes_truncation_and_omits_unneeded_research) ... ok
test_controller_requires_preparation_and_receives_focused_context (test_method.MethodTests.test_controller_requires_preparation_and_receives_focused_context) ... ok
test_document_templates_reject_unfilled_missing_and_duplicate_sections (test_method.MethodTests.test_document_templates_reject_unfilled_missing_and_duplicate_sections) ... ok
test_express_needs_only_plan_and_existing_tasks_stay_compatible (test_method.MethodTests.test_express_needs_only_plan_and_existing_tasks_stay_compatible) ... ok
test_feature_missing_review_or_design_blocks_execution (test_method.MethodTests.test_feature_missing_review_or_design_blocks_execution) ... ok
test_invocation_rechecks_preparation_contract_documents_and_reviews (test_method.MethodTests.test_invocation_rechecks_preparation_contract_documents_and_reviews) ... ok
test_later_story_rejection_blocks_integration_of_ready_candidate (test_method.MethodTests.test_later_story_rejection_blocks_integration_of_ready_candidate) ... ok
test_oversized_story_blocks_planning_and_later_score_change_needs_review (test_method.MethodTests.test_oversized_story_blocks_planning_and_later_score_change_needs_review) ... ok
test_product_ui_requires_shared_foundations_and_explicit_links (test_method.MethodTests.test_product_ui_requires_shared_foundations_and_explicit_links) ... ok
test_rejected_story_revision_cannot_be_approved_without_new_registration (test_method.MethodTests.test_rejected_story_revision_cannot_be_approved_without_new_registration) ... ok
test_shipping_prepares_body_and_refuses_stale_or_untrusted_proof (test_method.MethodTests.test_shipping_prepares_body_and_refuses_stale_or_untrusted_proof) ... ok
test_stage_costs_include_framing_and_failed_research (test_method.MethodTests.test_stage_costs_include_framing_and_failed_research) ... ok
test_upstream_edit_and_selection_change_invalidate_descendants (test_method.MethodTests.test_upstream_edit_and_selection_change_invalidate_descendants) ... ok
test_worker_cannot_rewrite_registered_framing_even_with_doc_scope (test_method.MethodTests.test_worker_cannot_rewrite_registered_framing_even_with_doc_scope) ... ok
test_cancellation_stops_process_and_records_attempt (test_orchestration.OrchestrationTests.test_cancellation_stops_process_and_records_attempt) ... ok
test_clean_autocrlf_checkout_keeps_exact_candidate_bytes (test_orchestration.OrchestrationTests.test_clean_autocrlf_checkout_keeps_exact_candidate_bytes) ... ok
test_dag_rejects_cycles_and_parent_escape (test_orchestration.OrchestrationTests.test_dag_rejects_cycles_and_parent_escape) ... ok
test_failed_review_arbitration_and_bounded_retry (test_orchestration.OrchestrationTests.test_failed_review_arbitration_and_bounded_retry) ... ok
test_full_delivery_and_explicit_integration (test_orchestration.OrchestrationTests.test_full_delivery_and_explicit_integration) ... ok
test_invalid_root_proof_prevents_patch_application (test_orchestration.OrchestrationTests.test_invalid_root_proof_prevents_patch_application) ... ok
test_model_mismatch_is_recorded_and_stops_without_fallback (test_orchestration.OrchestrationTests.test_model_mismatch_is_recorded_and_stops_without_fallback) ... ok
test_model_selection_is_user_owned_and_atomic (test_orchestration.OrchestrationTests.test_model_selection_is_user_owned_and_atomic) ... ok
test_native_argv_preserves_exact_model (test_orchestration.OrchestrationTests.test_native_argv_preserves_exact_model) ... ok
test_native_response_normalization_does_not_invent_billing (test_orchestration.OrchestrationTests.test_native_response_normalization_does_not_invent_billing) ... ok
test_parallel_budget_reserves_inflight_slots (test_orchestration.OrchestrationTests.test_parallel_budget_reserves_inflight_slots) ... ok
test_parallel_disjoint_workers_and_dependency_observe_merged_code (test_orchestration.OrchestrationTests.test_parallel_disjoint_workers_and_dependency_observe_merged_code) ... ok
test_readonly_reviewer_cannot_approve_modified_candidate (test_orchestration.OrchestrationTests.test_readonly_reviewer_cannot_approve_modified_candidate) ... ok
test_repeated_argv_is_valid (test_orchestration.OrchestrationTests.test_repeated_argv_is_valid) ... ok
test_run_budget_stops_before_next_call (test_orchestration.OrchestrationTests.test_run_budget_stops_before_next_call) ... ok
test_scope_escape_never_integrates (test_orchestration.OrchestrationTests.test_scope_escape_never_integrates) ... ok
test_stale_source_blocks_integration (test_orchestration.OrchestrationTests.test_stale_source_blocks_integration) ... ok
test_timeout_records_unknown_cost (test_orchestration.OrchestrationTests.test_timeout_records_unknown_cost) ... ok
test_adapters_refuse_to_overwrite_user_instructions (test_store.StoreTests.test_adapters_refuse_to_overwrite_user_instructions) ... ok
test_append_does_not_replace_existing_record (test_store.StoreTests.test_append_does_not_replace_existing_record) ... ok
test_fingerprint_tracks_code_not_lifecycle (test_store.StoreTests.test_fingerprint_tracks_code_not_lifecycle) ... ok
test_fingerprint_tracks_deletions (test_store.StoreTests.test_fingerprint_tracks_deletions) ... ok
test_initialization_is_not_destructive (test_store.StoreTests.test_initialization_is_not_destructive) ... ok
test_literal_scope_rejects_traversal_and_globs (test_store.StoreTests.test_literal_scope_rejects_traversal_and_globs) ... ok
test_strict_types_duplicate_keys_and_extra_fields (test_store.StoreTests.test_strict_types_duplicate_keys_and_extra_fields) ... ok
test_symlink_escape_rejected (test_store.StoreTests.test_symlink_escape_rejected) ... ok
test_task_id_cannot_escape (test_store.StoreTests.test_task_id_cannot_escape) ... ok

----------------------------------------------------------------------
Ran 95 tests in 57.753s

OK
